[custom_lint] 2025-12-11T19:04:22.025243 Loading dynamic library failed: unknown failure loading dynamic library (wrong format?)
[custom_lint] 2025-12-11T19:04:22.025243
[custom_lint] 2025-12-11T19:04:22.025243
[custom_lint] 2025-12-11T19:04:22.025243 lib\custom_lint_client.dart is not an AOT snapshot, it cannot be run with 'dartaotruntime'
[custom_lint] 2025-12-11T19:04:22.025243
[custom_lint] 2025-12-11T19:04:22.025243
Failed to start pluginsThe request analysis.setContextRoots failed with the following error:
RequestErrorCode.PLUGIN_ERROR
Bad state: Failed to start the plugins.
at:
#0      SocketCustomLintServerToClientChannel._checkInitializationFail.<anonymous closure> (package:custom_lint/src/v2/server_to_client_channel.dart:223)
<asynchronous suspension>
#1      Future.any.onValue (dart:async/future.dart:616)
<asynchronous suspension>

[custom_lint] 2025-12-11T19:11:03.323509 Loading dynamic library failed: unknown failure loading dynamic library (wrong format?)
[custom_lint] 2025-12-11T19:11:03.323509
[custom_lint] 2025-12-11T19:11:03.323509
[custom_lint] 2025-12-11T19:11:03.323509 lib\custom_lint_client.dart is not an AOT snapshot, it cannot be run with 'dartaotruntime'
[custom_lint] 2025-12-11T19:11:03.323509
[custom_lint] 2025-12-11T19:11:03.323509
Failed to start pluginsThe request analysis.setContextRoots failed with the following error:
RequestErrorCode.PLUGIN_ERROR
Bad state: Failed to start the plugins.
at:
#0      SocketCustomLintServerToClientChannel._checkInitializationFail.<anonymous closure> (package:custom_lint/src/v2/server_to_client_channel.dart:223)
<asynchronous suspension>
#1      Future.any.onValue (dart:async/future.dart:616)
<asynchronous suspension>

[custom_lint] 2025-12-11T19:25:35.804622 Loading dynamic library failed: unknown failure loading dynamic library (wrong format?)
[custom_lint] 2025-12-11T19:25:35.804622
[custom_lint] 2025-12-11T19:25:35.804622
[custom_lint] 2025-12-11T19:25:35.804622 lib\custom_lint_client.dart is not an AOT snapshot, it cannot be run with 'dartaotruntime'
[custom_lint] 2025-12-11T19:25:35.804622
[custom_lint] 2025-12-11T19:25:35.804622
Failed to start pluginsThe request analysis.setContextRoots failed with the following error:
RequestErrorCode.PLUGIN_ERROR
Bad state: Failed to start the plugins.
at:
#0      SocketCustomLintServerToClientChannel._checkInitializationFail.<anonymous closure> (package:custom_lint/src/v2/server_to_client_channel.dart:223)
<asynchronous suspension>
#1      Future.any.onValue (dart:async/future.dart:616)
<asynchronous suspension>

[custom_lint] 2025-12-11T22:39:33.835285 Loading dynamic library failed: unknown failure loading dynamic library (wrong format?)
[custom_lint] 2025-12-11T22:39:33.835285
[custom_lint] 2025-12-11T22:39:33.835285
[custom_lint] 2025-12-11T22:39:33.835285 lib\custom_lint_client.dart is not an AOT snapshot, it cannot be run with 'dartaotruntime'
[custom_lint] 2025-12-11T22:39:33.835285
[custom_lint] 2025-12-11T22:39:33.835285
Failed to start pluginsThe request analysis.setContextRoots failed with the following error:
RequestErrorCode.PLUGIN_ERROR
Bad state: Failed to start the plugins.
at:
#0      SocketCustomLintServerToClientChannel._checkInitializationFail.<anonymous closure> (package:custom_lint/src/v2/server_to_client_channel.dart:223)
<asynchronous suspension>
#1      Future.any.onValue (dart:async/future.dart:616)
<asynchronous suspension>

